// Jest Snapshot v1, https://goo.gl/fbAQLP

exports[`returns the expected query for valid parameters 1`] = `"select cph, location_id, feature_name, main_role_type, person_family_name, person_given_name, organisation_name, party_id, asset_id, asset_location_type, asset_type, animal_species_code, animal_group_id_mch_ext_ref, animal_group_id_mch_frm_dat, animal_group_id_mch_to_dat, animal_production_usage_code, asset_involvement_type, cph_type, herdmark, keeper_of_unit, property_number, postcode, owner_of_unit from ahbrp.v_cph_customer_unit where cph like ?"`;
